C51 COMPILER V9.59.0.0   IAP                                                               12/20/2020 19:27:48 PAGE 1   


C51 COMPILER V9.59.0.0, COMPILATION OF MODULE IAP
OBJECT MODULE PLACED IN .\Objects\iap.obj
COMPILER INVOKED BY: C:\Keil_v5\C51\BIN\C51.EXE code\iap.c OPTIMIZE(8,SPEED) BROWSE INCDIR(.\include) DEBUG OBJECTEXTEND
                    - PRINT(.\Listings\iap.lst) TABS(2) OBJECT(.\Objects\iap.obj)

line level    source

   1          
   2          #include "all.h"
   3          
   4          //#define IapROM  0x00    //0x00：选择ROM区操作  0x02：选择EEPROM区操作
   5          //#define IapEPPROM  0x02   //0x00：选择ROM区操作  0x02：选择EEPROM区操作
   6          unsigned char code *IapAddr = 0x00;
   7          
   8          
   9          /*****************************************************
  10          *函数名称：void IAPWrite(unsigned char  Addr,unsigned char Value,unsigned char IAPArea)
  11          *函数功能：IAP写初始化
  12          *入口参数：Addr,Value,IAPArea
  13          *出口参数：void
  14          *****************************************************/
  15          //IAP写操作
  16          void IAPWrite(unsigned char  Addr,unsigned char Value,unsigned char IAPArea)
  17          { 
  18   1        EA = 0;
  19   1        IAPDAT = Value;      //写入数据Data
  20   1        IAPADH = ((Addr>>8)&0X7F);   //写入地址的高5位
  21   1        IAPADL = Addr;               //写入地址的低8位
  22   1        
  23   1        IAPADE = IAPArea;  //IAPArea=0x00：选择ROM区操作  IAPArea=0x02：选择EEPROM区操作
  24   1        IAPKEY = 240;      //IAP开启保护控制时间
  25   1        IAPCTL = 0x06;     //CPU hold time为2ms，写入操作命令
  26   1        _nop_();
  27   1        _nop_();
  28   1        _nop_();
  29   1        _nop_();
  30   1        _nop_();
  31   1        _nop_();
  32   1        _nop_();
  33   1        _nop_();
  34   1        IAPADE = 0x00;      //MOVC指向ROM
  35   1        EA = 1;
  36   1      }
  37          /*****************************************************
  38          *函数名称：unsigned char IAPRead(unsigned char Addr,unsigned char IAPArea);
  39          *函数功能：IAP读初始化
  40          *入口参数：Addr,IAPArea
  41          *出口参数：void
  42          *****************************************************/
  43          unsigned char IAPRead(unsigned char Addr,unsigned char IAPArea)
  44          {
  45   1        unsigned char ReadValue = 0x00;
  46   1        EA = 0;
  47   1        IAPADE = IAPArea;
  48   1        ReadValue = *(IapAddr+Addr); //读取的数据
  49   1        IAPADE = 0x00;               //MOVC指向ROM
  50   1        EA = 1;
  51   1        return ReadValue;
  52   1      }
  53          

C51 COMPILER V9.59.0.0   IAP                                                               12/20/2020 19:27:48 PAGE 2   


MODULE INFORMATION:   STATIC OVERLAYABLE
   CODE SIZE        =     55    ----
   CONSTANT SIZE    =   ----    ----
   XDATA SIZE       =   ----    ----
   PDATA SIZE       =   ----    ----
   DATA SIZE        =      2    ----
   IDATA SIZE       =   ----    ----
   BIT SIZE         =   ----    ----
END OF MODULE INFORMATION.


C51 COMPILATION COMPLETE.  0 WARNING(S),  0 ERROR(S)
